// Jest Snapshot v1, https://goo.gl/fbAQLP

exports[`get-data-type-siblings should get sibling data types 1`] = `
{
  "content": [],
  "structuredContent": {
    "items": [
      {
        "editorUiAlias": "Umb.PropertyEditorUi.TextBox",
        "flags": [],
        "hasChildren": false,
        "id": "00000000-0000-0000-0000-000000000000",
        "isDeletable": true,
        "isFolder": false,
        "name": "_Test Sibling 1 DataType",
        "parent": {
          "id": "00000000-0000-0000-0000-000000000000",
        },
      },
    ],
    "totalAfter": 2,
    "totalBefore": 0,
  },
}
`;

exports[`get-data-type-siblings should handle non-existent target 1`] = `
{
  "content": [],
  "isError": true,
  "structuredContent": {
    "detail": "Not Found",
    "status": 404,
  },
}
`;
