// Jest Snapshot v1, https://goo.gl/fbAQLP

exports[`get-relation-type-by-id should get relation type by ID 1`] = `
{
  "content": [
    {
      "text": "{"id":"00000000-0000-0000-0000-000000000000","alias":"relateDocumentOnCopy","parentObject":{"name":"Document","id":"c66ba18e-eaf3-4cff-8a22-41b16d66a972"},"childObject":{"name":"Document","id":"c66ba18e-eaf3-4cff-8a22-41b16d66a972"},"name":"Relate Document On Copy","isBidirectional":true,"isDependency":false}",
      "type": "text",
    },
  ],
}
`;

exports[`get-relation-type-by-id should handle invalid relation type ID 1`] = `
{
  "content": [
    {
      "text": "Error using get-relation-type-by-id:
{
  "message": "Request failed with status code 404",
  "response": {
    "type": "Error",
    "title": "Relation type not found",
    "status": 404,
    "detail": "A relation type with the given key does not exist",
    "operationStatus": "NotFound"
  }
}",
      "type": "text",
    },
  ],
}
`;
