// Jest Snapshot v1, https://goo.gl/fbAQLP

exports[`get-tag should retrieve tags successfully 1`] = `
{
  "content": [],
  "structuredContent": {
    "items": [
      {
        "group": "default",
        "id": "00000000-0000-0000-0000-000000000000",
        "nodeCount": 1,
        "text": "test-tag",
      },
    ],
    "total": 1,
  },
}
`;

exports[`get-tag should return empty result when no tags match query 1`] = `
{
  "content": [],
  "structuredContent": {
    "items": [],
    "total": 0,
  },
}
`;

exports[`get-tag should return tags that match query  1`] = `
{
  "content": [],
  "structuredContent": {
    "items": [
      {
        "group": "default",
        "id": "00000000-0000-0000-0000-000000000000",
        "nodeCount": 1,
        "text": "test-tag",
      },
    ],
    "total": 1,
  },
}
`;
