// Jest Snapshot v1, https://goo.gl/fbAQLP

exports[`get-health-check-groups should get health check groups 1`] = `
{
  "content": [],
  "structuredContent": {
    "items": [
      {
        "name": "Configuration",
      },
      {
        "name": "Data Integrity",
      },
      {
        "name": "Live Environment",
      },
      {
        "name": "Permissions",
      },
      {
        "name": "Security",
      },
      {
        "name": "Services",
      },
    ],
    "total": 6,
  },
}
`;

exports[`get-health-check-groups should handle invalid parameters 1`] = `
{
  "content": [],
  "structuredContent": {
    "items": [],
    "total": 6,
  },
}
`;
