// Jest Snapshot v1, https://goo.gl/fbAQLP

exports[`get-script-tree-siblings should get sibling scripts 1`] = `
{
  "items": [
    {
      "hasChildren": false,
      "isFolder": false,
      "name": "_TestTargetScript.js",
      "parent": {
        "path": "/_TestFolderForSiblings",
      },
      "path": "/_TestFolderForSiblings/_TestTargetScript.js",
    },
  ],
  "totalAfter": 0,
  "totalBefore": 2,
}
`;

exports[`get-script-tree-siblings should handle non-existent script 1`] = `
{
  "content": [],
  "structuredContent": {
    "items": [],
    "totalAfter": 0,
    "totalBefore": 0,
  },
}
`;
