// Jest Snapshot v1, https://goo.gl/fbAQLP

exports[`update-script should handle non-existent script 1`] = `
{
  "content": [],
  "isError": true,
  "structuredContent": {
    "detail": "The script was not found.",
    "operationStatus": "NotFound",
    "status": 404,
    "title": "The script could not be found",
    "type": "Error",
  },
}
`;

exports[`update-script should update a script 1`] = `
{
  "content": [
    {
      "text": "",
      "type": "text",
    },
  ],
}
`;
