// Jest Snapshot v1, https://goo.gl/fbAQLP

exports[`get-user-configuration should get the user configuration 1`] = `
{
  "content": [],
  "structuredContent": {
    "allowChangePassword": true,
    "allowTwoFactor": true,
    "canInviteUsers": false,
    "passwordConfiguration": {
      "minimumPasswordLength": 10,
      "requireDigit": false,
      "requireLowercase": false,
      "requireNonLetterOrDigit": false,
      "requireUppercase": false,
    },
    "usernameIsEmail": true,
  },
}
`;
