// Jest Snapshot v1, https://goo.gl/fbAQLP

exports[`get-user-current-permissions-document should get current user document permissions 1`] = `
{
  "content": [],
  "structuredContent": {
    "items": {
      "permissions": [],
    },
  },
}
`;

exports[`get-user-current-permissions-document should handle non-existent document ID 1`] = `
{
  "content": [],
  "isError": true,
  "structuredContent": {
    "detail": "The specified content node was not found.",
    "operationStatus": "ContentNodeNotFound",
    "status": 404,
    "title": "Content node not found",
    "type": "Error",
  },
}
`;
