// Jest Snapshot v1, https://goo.gl/fbAQLP

exports[`get-user-current-permissions-media should get current user media permissions 1`] = `
{
  "content": [],
  "structuredContent": {
    "permissions": [],
  },
}
`;

exports[`get-user-current-permissions-media should handle non-existent media ID 1`] = `
{
  "content": [],
  "isError": true,
  "structuredContent": {
    "detail": "The specified media node was not found.",
    "operationStatus": "MediaNodeNotFound",
    "status": 404,
    "title": "Media node not found",
    "type": "Error",
  },
}
`;
