// Jest Snapshot v1, https://goo.gl/fbAQLP

exports[`get-user-current should get current authenticated user information 1`] = `
{
  "content": [
    {
      "text": "{
  "id": "00000000-0000-0000-0000-000000000000",
  "languageIsoCode": "en-US",
  "documentStartNodeIds": [],
  "hasDocumentRootAccess": true,
  "mediaStartNodeIds": [],
  "hasMediaRootAccess": true,
  "avatarUrls": [
    "https://localhost:44391/media/UserAvatars/NORMALIZED_AVATAR.jpg?rmode=crop&width=30&height=30",
    "https://localhost:44391/media/UserAvatars/NORMALIZED_AVATAR.jpg?rmode=crop&width=60&height=60",
    "https://localhost:44391/media/UserAvatars/NORMALIZED_AVATAR.jpg?rmode=crop&width=90&height=90",
    "https://localhost:44391/media/UserAvatars/NORMALIZED_AVATAR.jpg?rmode=crop&width=150&height=150",
    "https://localhost:44391/media/UserAvatars/NORMALIZED_AVATAR.jpg?rmode=crop&width=300&height=300"
  ],
  "languages": [],
  "hasAccessToAllLanguages": true,
  "hasAccessToSensitiveData": false,
  "fallbackPermissions": [
    "Umb.Document.Create",
    "Umb.Document.Update",
    "Umb.Document.Delete",
    "Umb.Document.Move",
    "Umb.Document.Duplicate",
    "Umb.Document.Sort",
    "Umb.Document.Rollback",
    "Umb.Document.PublicAccess",
    "Umb.Document.CultureAndHostnames",
    "Umb.Document.Publish",
    "Umb.Document.Permissions",
    "Umb.Document.Unpublish",
    "Umb.Document.Read",
    "Umb.Document.CreateBlueprint",
    "Umb.Document.Notifications",
    ":",
    "5",
    "7",
    "T",
    "Umb.Document.PropertyValue.Read",
    "Umb.Document.PropertyValue.Write",
    "Workflow.ReleaseSet.Create",
    "Workflow.ReleaseSet.Read",
    "Workflow.ReleaseSet.Update",
    "Workflow.ReleaseSet.Delete",
    "Workflow.ReleaseSet.Publish",
    "Workflow.AlternateVersion.Create",
    "Workflow.AlternateVersion.Read",
    "Workflow.AlternateVersion.Update",
    "Workflow.AlternateVersion.Delete",
    "Workflow.AlternateVersion.Publish",
    "Workflow.Document.Initiate",
    "Workflow.AdvancedSearch.Read",
    "Workflow.ActiveWorkflows.Read",
    "Workflow.ApprovalGroup.Read",
    "Workflow.History.Read",
    "Workflow.ContentReview.Read",
    "Workflow.AlternateVersion.Promote",
    "Workflow.Configuration.Read",
    "Workflow.Configuration.Update",
    "Workflow.ApprovalGroup.Create",
    "Workflow.ApprovalGroup.Update",
    "Workflow.ApprovalGroup.Delete",
    "Workflow.Document.Unlock"
  ],
  "permissions": [],
  "allowedSections": [
    "Umb.Section.Content",
    "Umb.Section.Forms",
    "Umb.Section.Media",
    "Umb.Section.Members",
    "Umb.Section.Packages",
    "Umb.Section.Settings",
    "Umb.Section.Translation",
    "Umb.Section.Workflow",
    "Umb.Section.Users"
  ],
  "isAdmin": true,
  "email": "a@a.co.uk",
  "userName": "a@a.co.uk",
  "name": "MCP User",
  "userGroupIds": [
    {
      "id": "e5e7f6c8-7f9c-4b5b-8d5d-9e1e5a4f7e4d"
    }
  ]
}",
      "type": "text",
    },
  ],
}
`;
