// Jest Snapshot v1, https://goo.gl/fbAQLP

exports[`upload-user-current-avatar should handle non-existent temporary file id 1`] = `
{
  "content": [],
  "isError": true,
  "structuredContent": {
    "detail": "The file key did not resolve in to a file",
    "operationStatus": "AvatarFileNotFound",
    "status": 400,
    "title": "Avatar file not found",
    "type": "Error",
  },
}
`;

exports[`upload-user-current-avatar should upload avatar for current user 1`] = `
{
  "content": [
    {
      "text": "",
      "type": "text",
    },
  ],
}
`;
