// Jest Snapshot v1, https://goo.gl/fbAQLP

exports[`get-document-type-blueprint should get blueprints for a document type 1`] = `
{
  "content": [],
  "structuredContent": {
    "items": [
      {
        "flags": [],
        "id": "00000000-0000-0000-0000-000000000000",
        "name": "_Test Blueprint For DocumentType",
      },
    ],
    "total": 1,
  },
}
`;

exports[`get-document-type-blueprint should handle document type with no blueprints 1`] = `
{
  "content": [],
  "structuredContent": {
    "items": [],
    "total": 0,
  },
}
`;

exports[`get-document-type-blueprint should handle non-existent document type 1`] = `
{
  "content": [],
  "isError": true,
  "structuredContent": {
    "operationStatus": "ContentTypeNotFound",
    "status": 404,
    "title": "The specified document type was not found",
    "type": "Error",
  },
}
`;
