// Jest Snapshot v1, https://goo.gl/fbAQLP

exports[`update-partial-view should handle non-existent partial view 1`] = `
{
  "content": [],
  "isError": true,
  "structuredContent": {
    "detail": "The partial view was not found.",
    "operationStatus": "NotFound",
    "status": 404,
    "title": "Partial view not found",
    "type": "Error",
  },
}
`;

exports[`update-partial-view should update a partial view 1`] = `
{
  "content": [
    {
      "text": "",
      "type": "text",
    },
  ],
}
`;

exports[`update-partial-view should update partial view with empty content 1`] = `
{
  "content": [
    {
      "text": "",
      "type": "text",
    },
  ],
}
`;
