// Jest Snapshot v1, https://goo.gl/fbAQLP

exports[`get-indexer-by-index-name should get index by name 1`] = `
{
  "content": [],
  "structuredContent": {
    "canRebuild": true,
    "documentCount": "NORMALIZED_COUNT",
    "fieldCount": "NORMALIZED_FIELD_COUNT",
    "healthStatus": {
      "message": null,
      "status": "Healthy",
    },
    "name": "ExternalIndex",
    "providerProperties": {
      "CommitCount": 0,
      "DefaultAnalyzer": "StandardAnalyzer",
      "DirectoryFactory": "Umbraco.Cms.Infrastructure.Examine.ConfigurationEnabledDirectoryFactory",
      "EnableDefaultEventHandler": true,
      "LuceneDirectory": "NRTCachingDirectory",
      "LuceneIndexFolder": "/niofsdirectory@/users/philw/projects/umbraco-mcp/infrastructure/test-umbraco/mcptestsite/umbraco/data/temp/examineindexes/externalindex lockfactory=noprefixsimplefslockfactory@/users/philw/projects/umbraco-mcp/infrastructure/test-umbraco/mcptestsite/umbraco/data/temp/examineindexes/externalindex",
      "PublishedValuesOnly": true,
      "SupportProtectedContent": false,
    },
    "searcherName": "ExternalSearcher",
  },
}
`;
