// Jest Snapshot v1, https://goo.gl/fbAQLP

exports[`get-indexer-by-index-name should get index by name 1`] = `
{
  "content": [
    {
      "text": "{"name":"ExternalIndex","healthStatus":{"status":"Healthy","message":null},"canRebuild":true,"searcherName":"ExternalSearcher","documentCount":62,"fieldCount":50,"providerProperties":{"CommitCount":0,"DefaultAnalyzer":"StandardAnalyzer","LuceneDirectory":"NRTCachingDirectory","LuceneIndexFolder":"/niofsdirectory@/users/philw/projects/umbraco-mcp/infrastructure/test-umbraco/mcptestsite/umbraco/data/temp/examineindexes/externalindex lockfactory=noprefixsimplefslockfactory@/users/philw/projects/umbraco-mcp/infrastructure/test-umbraco/mcptestsite/umbraco/data/temp/examineindexes/externalindex","DirectoryFactory":"Umbraco.Cms.Infrastructure.Examine.ConfigurationEnabledDirectoryFactory","EnableDefaultEventHandler":true,"PublishedValuesOnly":true,"SupportProtectedContent":false}}",
      "type": "text",
    },
  ],
}
`;
