// Jest Snapshot v1, https://goo.gl/fbAQLP

exports[`delete-stylesheet should delete a stylesheet 1`] = `
{
  "content": [
    {
      "text": "",
      "type": "text",
    },
  ],
}
`;

exports[`delete-stylesheet should handle non-existent stylesheet 1`] = `
{
  "content": [],
  "isError": true,
  "structuredContent": {
    "detail": "The stylesheet was not found.",
    "operationStatus": "NotFound",
    "status": 404,
    "title": "Stylesheet not found",
    "type": "Error",
  },
}
`;
