// Jest Snapshot v1, https://goo.gl/fbAQLP

exports[`get-stylesheet-folder-by-path should get a stylesheet folder by path 1`] = `
{
  "content": [],
  "structuredContent": {
    "name": "_TestGetStylesheetFolder",
    "parent": {
      "id": "00000000-0000-0000-0000-000000000000",
      "path": "/",
    },
    "path": "/_TestGetStylesheetFolder",
  },
}
`;

exports[`get-stylesheet-folder-by-path should handle non-existent folder 1`] = `
{
  "content": [
    {
      "text": "{"type":"Error","title":"Not found","status":404,"detail":"The specified folder was not found.","operationStatus":"NotFound"}",
      "type": "text",
    },
  ],
  "isError": true,
}
`;
