// Jest Snapshot v1, https://goo.gl/fbAQLP

exports[`get-stylesheet-by-path should get a stylesheet by path 1`] = `
{
  "content": [],
  "structuredContent": {
    "content": "/* Test get stylesheet */
body { background: white; }
.container { padding: 20px; }",
    "name": "_TestGetStylesheet.css",
    "parent": null,
    "path": "/_TestGetStylesheet.css",
  },
}
`;

exports[`get-stylesheet-by-path should handle non-existent stylesheet 1`] = `
{
  "content": [
    {
      "text": "{"type":"Error","title":"Stylesheet not found","status":404,"detail":"The stylesheet was not found.","operationStatus":"NotFound"}",
      "type": "text",
    },
  ],
  "isError": true,
}
`;
