// Jest Snapshot v1, https://goo.gl/fbAQLP

exports[`get-stylesheet-folder-by-path should get a stylesheet folder by path 1`] = `
{
  "content": [],
  "structuredContent": {
    "name": "_TestGetStylesheetFolder",
    "parent": {
      "id": "00000000-0000-0000-0000-000000000000",
      "path": "/",
    },
    "path": "/_TestGetStylesheetFolder",
  },
}
`;

exports[`get-stylesheet-folder-by-path should handle non-existent folder 1`] = `
{
  "content": [],
  "isError": true,
  "structuredContent": {
    "detail": "The specified folder was not found.",
    "operationStatus": "NotFound",
    "status": 404,
    "title": "Not found",
    "type": "Error",
  },
}
`;
