// Jest Snapshot v1, https://goo.gl/fbAQLP

exports[`copy-data-type should copy a data type to a folder 1`] = `
{
  "content": [],
  "structuredContent": "",
}
`;

exports[`copy-data-type should copy a data type to root 1`] = `
{
  "content": [],
  "structuredContent": "",
}
`;

exports[`copy-data-type should handle non-existent data type 1`] = `
{
  "content": [],
  "isError": true,
  "structuredContent": {
    "operationStatus": "NotFound",
    "status": 404,
    "title": "The data type could not be found",
    "type": "Error",
  },
}
`;
