// Jest Snapshot v1, https://goo.gl/fbAQLP

exports[`get-health-check-group-by-name should get health check group by valid name 1`] = `
{
  "content": [],
  "structuredContent": {
    "checks": [
      {
        "description": "Checks for various data integrity issues in the Umbraco database.",
        "id": "73dd0c1c-e0ca-4c31-9564-1dca509788af",
        "name": "Database data integrity check",
      },
      {
        "description": "Checks for untrusted foreign key or check constraints on SQL Server, which indicate pre-existing data integrity issues that must be resolved manually.",
        "id": "0b1e71e4-8d37-4f9b-a9a4-86c5b9ea5b0b",
        "name": "Untrusted database constraints",
      },
    ],
    "name": "Data Integrity",
  },
}
`;

exports[`get-health-check-group-by-name should handle empty group name 1`] = `
{
  "content": [],
  "structuredContent": {
    "items": [
      {
        "name": "Configuration",
      },
      {
        "name": "Data Integrity",
      },
      {
        "name": "Live Environment",
      },
      {
        "name": "Permissions",
      },
      {
        "name": "Security",
      },
      {
        "name": "Services",
      },
    ],
    "total": 6,
  },
}
`;

exports[`get-health-check-group-by-name should handle non-existent health check group 1`] = `
{
  "content": [],
  "isError": true,
  "structuredContent": {
    "status": 404,
    "title": "The health check group could not be found",
    "type": "Error",
  },
}
`;
