// Jest Snapshot v1, https://goo.gl/fbAQLP

exports[`health-collection should have correct collection metadata 1`] = `
{
  "dependencies": [],
  "description": "System health monitoring and diagnostic capabilities",
  "displayName": "Health Checks",
  "name": "health",
}
`;

exports[`health-collection should have empty tools when user has no settings access 1`] = `[]`;

exports[`health-collection should have health check tools when user has settings access 1`] = `
[
  "get-health-check-groups",
  "get-health-check-group-by-name",
  "run-health-check-group",
  "execute-health-check-action",
]
`;
