// Jest Snapshot v1, https://goo.gl/fbAQLP

exports[`update-language should handle non-existent language 1`] = `
{
  "content": [],
  "isError": true,
  "structuredContent": {
    "operationStatus": "NotFound",
    "status": 404,
    "title": "The language could not be found",
    "type": "Error",
  },
}
`;

exports[`update-language should update an existing language 1`] = `
{
  "content": [
    {
      "text": "",
      "type": "text",
    },
  ],
}
`;
