// Jest Snapshot v1, https://goo.gl/fbAQLP

exports[`get-models-builder-dashboard should get the models builder dashboard 1`] = `
{
  "content": [],
  "structuredContent": {
    "canGenerate": false,
    "lastError": null,
    "mode": "InMemoryAuto",
    "modelsNamespace": "Umbraco.Cms.Web.Common.PublishedModels",
    "outOfDateModels": false,
    "trackingOutOfDateModels": false,
    "version": "17.0.0+da502e0",
  },
}
`;
