// Jest Snapshot v1, https://goo.gl/fbAQLP

exports[`get-log-viewer-validate-logs-size should validate logs size with custom date range 1`] = `
{
  "content": [
    {
      "text": "",
      "type": "text",
    },
  ],
}
`;

exports[`get-log-viewer-validate-logs-size should validate logs size with default parameters 1`] = `
{
  "content": [
    {
      "text": "",
      "type": "text",
    },
  ],
}
`;
