// Jest Snapshot v1, https://goo.gl/fbAQLP

exports[`create-media-type should create a media type 1`] = `
{
  "content": [],
  "structuredContent": {
    "id": "00000000-0000-0000-0000-000000000000",
    "message": "Media type created successfully",
  },
}
`;

exports[`create-media-type should create a media type with parent folder 1`] = `
{
  "content": [],
  "structuredContent": {
    "id": "00000000-0000-0000-0000-000000000000",
    "message": "Media type created successfully",
  },
}
`;

exports[`create-media-type should handle invalid media type data 1`] = `
{
  "content": [],
  "isError": true,
  "structuredContent": {
    "errors": [
      {
        "$.icon": [
          "The Icon field is required.",
        ],
      },
      {
        "$.alias": [
          "The Alias field is required.",
        ],
      },
    ],
    "status": 400,
    "title": "One or more validation errors occurred.",
    "traceId": "normalized-trace-id",
    "type": "https://tools.ietf.org/html/rfc9110#section-15.5.1",
  },
}
`;
