// Jest Snapshot v1, https://goo.gl/fbAQLP

exports[`get-item-media-type should get media type items by ids 1`] = `
{
  "content": [],
  "structuredContent": {
    "items": [
      {
        "flags": [],
        "icon": "icon-folder",
        "id": "00000000-0000-0000-0000-000000000000",
        "name": "_Test Media Type Item 1",
      },
      {
        "flags": [],
        "icon": "icon-folder",
        "id": "00000000-0000-0000-0000-000000000000",
        "name": "_Test Media Type Item 2",
      },
    ],
  },
}
`;

exports[`get-item-media-type should handle non-existent media type 1`] = `
{
  "content": [],
  "structuredContent": {
    "items": [],
  },
}
`;
