// Jest Snapshot v1, https://goo.gl/fbAQLP

exports[`get-document-type-allowed-children should get allowed children for a document type 1`] = `
{
  "content": [],
  "structuredContent": {
    "items": [
      {
        "description": null,
        "icon": "icon-document",
        "id": "00000000-0000-0000-0000-000000000000",
        "name": "_Test Child DocumentType",
      },
    ],
    "total": 1,
  },
}
`;

exports[`get-document-type-allowed-children should handle document type with no allowed children 1`] = `
{
  "content": [],
  "structuredContent": {
    "items": [],
    "total": 0,
  },
}
`;

exports[`get-document-type-allowed-children should handle non-existent document type 1`] = `
{
  "content": [],
  "isError": true,
  "structuredContent": {
    "detail": "The specified document type was not found",
    "operationStatus": "NotFound",
    "status": 404,
    "title": "Not Found",
    "type": "Error",
  },
}
`;
