// Jest Snapshot v1, https://goo.gl/fbAQLP

exports[`create-partial-view-folder should create a partial view folder 1`] = `
{
  "content": [],
  "structuredContent": {
    "message": "Partial view folder created successfully",
    "path": "/_TestCreateFolder",
  },
}
`;

exports[`create-partial-view-folder should create a partial view folder 2`] = `
[
  {
    "hasChildren": false,
    "id": undefined,
    "isFolder": true,
    "name": "_TestCreateFolder",
    "parent": null,
    "path": "/_TestCreateFolder",
  },
]
`;

exports[`create-partial-view-folder should handle existing folder name 1`] = `
{
  "content": [],
  "isError": true,
  "structuredContent": {
    "detail": "The folder already exists",
    "operationStatus": "AlreadyExists",
    "status": 400,
    "title": "Folder already exists",
    "type": "Error",
  },
}
`;
