// Jest Snapshot v1, https://goo.gl/fbAQLP

exports[`get-partial-view-siblings should get sibling partial views 1`] = `
{
  "content": [],
  "structuredContent": {
    "items": [
      {
        "hasChildren": false,
        "isFolder": false,
        "name": "_TestTargetPartialView.cshtml",
        "parent": {
          "id": "00000000-0000-0000-0000-000000000000",
          "path": "/_TestFolderForSiblings",
        },
        "path": "/_TestFolderForSiblings/_TestTargetPartialView.cshtml",
      },
    ],
    "totalAfter": 0,
    "totalBefore": 2,
  },
}
`;

exports[`get-partial-view-siblings should handle non-existent partial view 1`] = `
{
  "content": [],
  "structuredContent": {
    "items": [],
    "totalAfter": 8,
    "totalBefore": 0,
  },
}
`;
