// Jest Snapshot v1, https://goo.gl/fbAQLP

exports[`rename-partial-view should handle non-existent partial view 1`] = `
{
  "content": [],
  "isError": true,
  "structuredContent": {
    "detail": "The partial view was not found.",
    "operationStatus": "NotFound",
    "status": 404,
    "title": "Partial view not found",
    "type": "Error",
  },
}
`;

exports[`rename-partial-view should rename a partial view 1`] = `
{
  "content": [
    {
      "text": "",
      "type": "text",
    },
  ],
}
`;

exports[`rename-partial-view should rename a partial view folder 1`] = `
{
  "content": [],
  "isError": true,
  "structuredContent": {
    "detail": "The partial view was not found.",
    "operationStatus": "NotFound",
    "status": 404,
    "title": "Partial view not found",
    "type": "Error",
  },
}
`;

exports[`rename-partial-view should rename a partial view in a folder 1`] = `
{
  "content": [
    {
      "text": "",
      "type": "text",
    },
  ],
}
`;
