// Jest Snapshot v1, https://goo.gl/fbAQLP

exports[`delete-member should delete a member by ID 1`] = `
{
  "content": [
    {
      "text": "",
      "type": "text",
    },
  ],
}
`;

exports[`delete-member should return error for non-existent ID 1`] = `
{
  "content": [],
  "isError": true,
  "structuredContent": {
    "operationStatus": "Unknown",
    "status": 500,
    "title": "Unknown error. Please see the log for more details.",
    "type": "Error",
  },
}
`;
