// Jest Snapshot v1, https://goo.gl/fbAQLP

exports[`get-member-ancestors-batch should return an entry per requested member Id 1`] = `
{
  "content": [],
  "structuredContent": {
    "items": [
      {
        "ancestors": [],
        "id": "00000000-0000-0000-0000-000000000000",
      },
    ],
  },
}
`;
