// Jest Snapshot v1, https://goo.gl/fbAQLP

exports[`validate-member should handle validation errors for invalid member data 1`] = `
{
  "content": [],
  "isError": true,
  "structuredContent": {
    "errors": [
      {
        "$.$": [
          "JSON deserialization for type 'Umbraco.Cms.Api.Management.ViewModels.Member.CreateMemberRequestModel' was missing required properties including: 'memberType'.",
        ],
      },
      {
        "$.requestModel": [
          "The requestModel field is required.",
        ],
      },
    ],
    "status": 400,
    "title": "One or more validation errors occurred.",
    "traceId": "normalized-trace-id",
    "type": "https://tools.ietf.org/html/rfc9110#section-15.5.1",
  },
}
`;

exports[`validate-member should validate a member successfully 1`] = `
{
  "content": [
    {
      "text": "",
      "type": "text",
    },
  ],
}
`;
