// Jest Snapshot v1, https://goo.gl/fbAQLP

exports[`get-document-blueprint-scaffold should handle non-existent blueprint 1`] = `
{
  "content": [],
  "isError": true,
  "structuredContent": {
    "operationStatus": "NotFound",
    "status": 404,
    "title": "The document blueprint could not be found",
    "type": "Error",
  },
}
`;
