// Jest Snapshot v1, https://goo.gl/fbAQLP

exports[`allowed-media-type get allowed should filter by file extension 1`] = `
{
  "content": [],
  "structuredContent": {
    "items": [
      {
        "flags": [],
        "icon": "icon-picture",
        "id": "00000000-0000-0000-0000-000000000000",
        "name": "Image",
      },
    ],
    "total": 1,
  },
}
`;
