// Jest Snapshot v1, https://goo.gl/fbAQLP

exports[`copy-media-type should copy a media type to a folder 1`] = `
{
  "content": [],
  "structuredContent": {
    "id": "00000000-0000-0000-0000-000000000000",
    "message": "Media type copied successfully",
  },
}
`;

exports[`copy-media-type should copy a media type to root 1`] = `
{
  "content": [],
  "structuredContent": {
    "id": "00000000-0000-0000-0000-000000000000",
    "message": "Media type copied successfully",
  },
}
`;

exports[`copy-media-type should handle non-existent media type 1`] = `
{
  "content": [],
  "isError": true,
  "structuredContent": {
    "detail": "The specified media type was not found",
    "operationStatus": "NotFound",
    "status": 404,
    "title": "Not Found",
    "type": "Error",
  },
}
`;
