// Jest Snapshot v1, https://goo.gl/fbAQLP

exports[`delete-media-type should delete a media type 1`] = `
{
  "content": [
    {
      "text": "",
      "type": "text",
    },
  ],
}
`;

exports[`delete-media-type should handle non-existent media type 1`] = `
{
  "content": [],
  "isError": true,
  "structuredContent": {
    "detail": "The specified media type was not found",
    "operationStatus": "NotFound",
    "status": 404,
    "title": "Not Found",
    "type": "Error",
  },
}
`;
