// Jest Snapshot v1, https://goo.gl/fbAQLP

exports[`get-media-type-allowed-children should get allowed children for a media type 1`] = `
{
  "content": [],
  "structuredContent": {
    "items": [
      {
        "description": null,
        "icon": "icon-picture",
        "id": "00000000-0000-0000-0000-000000000000",
        "name": "_Test Child MediaType",
      },
    ],
    "total": 1,
  },
}
`;

exports[`get-media-type-allowed-children should handle media type with no allowed children 1`] = `
{
  "content": [],
  "structuredContent": {
    "items": [],
    "total": 0,
  },
}
`;

exports[`get-media-type-allowed-children should handle non-existent media type 1`] = `
{
  "content": [],
  "isError": true,
  "structuredContent": {
    "detail": "The specified media type was not found",
    "operationStatus": "NotFound",
    "status": 404,
    "title": "Not Found",
    "type": "Error",
  },
}
`;
