// Jest Snapshot v1, https://goo.gl/fbAQLP

exports[`get-media-type-siblings should get sibling media types 1`] = `
{
  "content": [],
  "structuredContent": {
    "items": [
      {
        "flags": [],
        "hasChildren": false,
        "icon": "icon-folder",
        "id": "00000000-0000-0000-0000-000000000000",
        "isDeletable": true,
        "isFolder": false,
        "name": "_Test Target MediaType",
        "parent": {
          "id": "00000000-0000-0000-0000-000000000000",
        },
      },
    ],
    "totalAfter": 0,
    "totalBefore": 2,
  },
}
`;

exports[`get-media-type-siblings should handle non-existent media type 1`] = `
{
  "content": [],
  "isError": true,
  "structuredContent": {
    "detail": "Not Found",
    "status": 404,
  },
}
`;
