// Jest Snapshot v1, https://goo.gl/fbAQLP

exports[`get-property-type-is-used should check if a property type is used with both parameters 1`] = `
{
  "content": [
    {
      "text": "true",
      "type": "text",
    },
  ],
}
`;

exports[`get-property-type-is-used should handle empty parameters 1`] = `
{
  "content": [],
  "isError": true,
  "structuredContent": {
    "errors": [
      {
        "$.propertyAlias": [
          "The propertyAlias field is required.",
        ],
      },
    ],
    "status": 400,
    "title": "One or more validation errors occurred.",
    "traceId": "normalized-trace-id",
    "type": "https://tools.ietf.org/html/rfc9110#section-15.5.1",
  },
}
`;
