// Jest Snapshot v1, https://goo.gl/fbAQLP

exports[`delete-temporary-file should delete a temporary file 1`] = `
{
  "content": [
    {
      "text": "",
      "type": "text",
    },
  ],
}
`;

exports[`delete-temporary-file should handle non-existent temporary file 1`] = `
{
  "content": [],
  "isError": true,
  "structuredContent": {
    "operationStatus": "NotFound",
    "status": 404,
    "title": "The temporary file could not be found",
    "type": "Error",
  },
}
`;
