// Jest Snapshot v1, https://goo.gl/fbAQLP

exports[`get-temporary-file should get a temporary file by id 1`] = `
{
  "content": [],
  "structuredContent": {
    "availableUntil": "NORMALIZED_DATE",
    "fileName": "example.jpg",
    "id": "00000000-0000-0000-0000-000000000000",
  },
}
`;

exports[`get-temporary-file should handle non-existent temporary file 1`] = `
{
  "content": [],
  "isError": true,
  "structuredContent": {
    "operationStatus": "NotFound",
    "status": 404,
    "title": "The temporary file could not be found",
    "type": "Error",
  },
}
`;
