// Jest Snapshot v1, https://goo.gl/fbAQLP

exports[`delete-media-recycle-bin-item should handle non-existent media in recycle bin 1`] = `
{
  "content": [
    {
      "text": "Error using delete-media-recycle-bin-item:
{
  "message": "Request failed with status code 404",
  "response": {
    "type": "Error",
    "title": "The content could not be found",
    "status": 404,
    "operationStatus": "NotFound"
  }
}",
      "type": "text",
    },
  ],
}
`;

exports[`delete-media-recycle-bin-item should permanently delete a media item from recycle bin 1`] = `
{
  "content": [
    {
      "text": "{"success":true,"message":"Media item permanently deleted from recycle bin"}",
      "type": "text",
    },
  ],
}
`;
