// Jest Snapshot v1, https://goo.gl/fbAQLP

exports[`get-recycle-bin-media-root should get root items from recycle bin 1`] = `
{
  "content": [],
  "structuredContent": {
    "items": [
      {
        "createDate": "NORMALIZED_DATE",
        "hasChildren": false,
        "id": "00000000-0000-0000-0000-000000000000",
        "mediaType": {
          "collection": null,
          "icon": "icon-picture",
          "id": "00000000-0000-0000-0000-000000000000",
        },
        "parent": null,
        "variants": [
          {
            "culture": null,
            "name": "_Test Media Root",
          },
        ],
      },
    ],
    "total": 1,
  },
}
`;
