// Jest Snapshot v1, https://goo.gl/fbAQLP

exports[`get-recycle-bin-media-referenced-by should detect references to deleted media items 1`] = `
{
  "content": [
    {
      "text": "{"total":2,"items":[{"$type":"DocumentReferenceResponseModel","published":false,"documentType":{"id":"3ee51a1b-f7f0-49a2-accc-a84e4839b66a","icon":"icon-document","alias":"testdoctyperecyclemedia","name":"_Test DocType Recycle Media"},"variants":[{"id":"00000000-0000-0000-0000-000000000000","flags":[],"state":"Draft","name":"_Test Document Recycle Media","culture":null}],"id":"292fabaf-e585-4225-b505-77ba34cadf4c","name":null},{"$type":"DocumentReferenceResponseModel","published":false,"documentType":{"id":"3ee51a1b-f7f0-49a2-accc-a84e4839b66a","icon":"icon-document","alias":"testdoctyperecyclemedia","name":"_Test DocType Recycle Media"},"variants":[{"id":"00000000-0000-0000-0000-000000000000","flags":[],"state":"Draft","name":"_Test Document Recycle Media 2","culture":null}],"id":"90b150af-16e3-4710-b3a6-ff8ca24c0b54","name":null}]}",
      "type": "text",
    },
  ],
}
`;

exports[`get-recycle-bin-media-referenced-by should handle default pagination parameters 1`] = `
{
  "content": [
    {
      "text": "{"total":0,"items":[]}",
      "type": "text",
    },
  ],
}
`;

exports[`get-recycle-bin-media-referenced-by should handle pagination parameters correctly 1`] = `
{
  "content": [
    {
      "text": "{"total":0,"items":[]}",
      "type": "text",
    },
  ],
}
`;

exports[`get-recycle-bin-media-referenced-by should return empty when no deleted media has references 1`] = `
{
  "content": [
    {
      "text": "{"total":0,"items":[]}",
      "type": "text",
    },
  ],
}
`;
