// Jest Snapshot v1, https://goo.gl/fbAQLP

exports[`get-media-siblings should get sibling media items 1`] = `
{
  "content": [],
  "structuredContent": {
    "items": [
      {
        "createDate": "NORMALIZED_DATE",
        "flags": [],
        "hasChildren": false,
        "id": "00000000-0000-0000-0000-000000000000",
        "isTrashed": false,
        "mediaType": {
          "collection": null,
          "icon": "icon-picture",
          "id": "00000000-0000-0000-0000-000000000000",
        },
        "noAccess": false,
        "parent": {
          "id": "00000000-0000-0000-0000-000000000000",
        },
        "variants": [
          {
            "culture": null,
            "name": "_Test Sibling 1",
          },
        ],
      },
    ],
    "totalAfter": 1,
    "totalBefore": 0,
  },
}
`;

exports[`get-media-siblings should handle non-existent target 1`] = `
{
  "content": [],
  "isError": true,
  "structuredContent": {
    "detail": "Not Found",
    "status": 404,
  },
}
`;
