// Jest Snapshot v1, https://goo.gl/fbAQLP

exports[`get-media-are-referenced should detect when media is referenced by a document 1`] = `
{
  "content": [],
  "structuredContent": {
    "items": [
      {
        "id": "00000000-0000-0000-0000-000000000000",
      },
    ],
    "total": 1,
  },
}
`;

exports[`get-media-are-referenced should handle non-existent media IDs 1`] = `
{
  "content": [],
  "structuredContent": {
    "items": [],
    "total": 0,
  },
}
`;

exports[`get-media-are-referenced should return empty when media is not referenced 1`] = `
{
  "content": [],
  "structuredContent": {
    "items": [],
    "total": 0,
  },
}
`;
