// Jest Snapshot v1, https://goo.gl/fbAQLP

exports[`get-media-by-id-referenced-by should get documents that reference a specific media item 1`] = `
{
  "content": [],
  "structuredContent": {
    "items": [
      {
        "$type": "DocumentReferenceResponseModel",
        "documentType": {
          "alias": "testdoctypewithmediaref",
          "icon": "icon-document",
          "id": "00000000-0000-0000-0000-000000000000",
          "name": "_Test DocType With Media Ref",
        },
        "id": "00000000-0000-0000-0000-000000000000",
        "name": null,
        "published": false,
        "variants": [
          {
            "culture": null,
            "flags": [],
            "id": "00000000-0000-0000-0000-000000000000",
            "name": "_Test Document With Media Ref",
            "state": "Draft",
          },
        ],
      },
    ],
    "total": 1,
  },
}
`;

exports[`get-media-by-id-referenced-by should handle non-existent media ID 1`] = `
{
  "content": [],
  "structuredContent": {
    "items": [],
    "total": 0,
  },
}
`;

exports[`get-media-by-id-referenced-by should return empty result when media has no references 1`] = `
{
  "content": [],
  "structuredContent": {
    "items": [],
    "total": 0,
  },
}
`;
