// Jest Snapshot v1, https://goo.gl/fbAQLP

exports[`get-recycle-bin-media-referenced-by should detect references to deleted media items 1`] = `
{
  "content": [],
  "structuredContent": {
    "items": [
      {
        "$type": "DocumentReferenceResponseModel",
        "documentType": {
          "alias": "testdoctyperecyclemedia",
          "icon": "icon-document",
          "id": "00000000-0000-0000-0000-000000000000",
          "name": "_Test DocType Recycle Media",
        },
        "id": "00000000-0000-0000-0000-000000000000",
        "name": null,
        "published": false,
        "variants": [
          {
            "culture": null,
            "flags": [],
            "id": "00000000-0000-0000-0000-000000000000",
            "name": "_Test Document Recycle Media",
            "state": "Draft",
          },
        ],
      },
      {
        "$type": "DocumentReferenceResponseModel",
        "documentType": {
          "alias": "testdoctyperecyclemedia",
          "icon": "icon-document",
          "id": "00000000-0000-0000-0000-000000000000",
          "name": "_Test DocType Recycle Media",
        },
        "id": "00000000-0000-0000-0000-000000000000",
        "name": null,
        "published": false,
        "variants": [
          {
            "culture": null,
            "flags": [],
            "id": "00000000-0000-0000-0000-000000000000",
            "name": "_Test Document Recycle Media 2",
            "state": "Draft",
          },
        ],
      },
    ],
    "total": 2,
  },
}
`;

exports[`get-recycle-bin-media-referenced-by should handle default pagination parameters 1`] = `
{
  "content": [],
  "structuredContent": {
    "items": [],
    "total": 0,
  },
}
`;

exports[`get-recycle-bin-media-referenced-by should handle pagination parameters correctly 1`] = `
{
  "content": [],
  "structuredContent": {
    "items": [],
    "total": 0,
  },
}
`;

exports[`get-recycle-bin-media-referenced-by should return empty when no deleted media has references 1`] = `
{
  "content": [],
  "structuredContent": {
    "items": [],
    "total": 0,
  },
}
`;
