// Jest Snapshot v1, https://goo.gl/fbAQLP

exports[`sort-media should handle non-existent parent 1`] = `
{
  "content": [],
  "isError": true,
  "structuredContent": {
    "operationStatus": "NotFound",
    "status": 404,
    "title": "The content could not be found",
    "type": "Error",
  },
}
`;

exports[`sort-media should sort media items 1`] = `
{
  "content": [
    {
      "text": "",
      "type": "text",
    },
  ],
}
`;
