// Jest Snapshot v1, https://goo.gl/fbAQLP

exports[`update-media should handle non-existent media 1`] = `
{
  "content": [],
  "isError": true,
  "structuredContent": {
    "operationStatus": "NotFound",
    "status": 404,
    "title": "The content could not be found",
    "type": "Error",
  },
}
`;

exports[`update-media should update a media item 1`] = `
{
  "content": [
    {
      "text": """",
      "type": "text",
    },
  ],
}
`;

exports[`update-media should update media with new content 1`] = `
{
  "content": [
    {
      "text": """",
      "type": "text",
    },
  ],
}
`;
