// Jest Snapshot v1, https://goo.gl/fbAQLP

exports[`validate-media-update should handle validation for non-existent media 1`] = `
{
  "content": [],
  "isError": true,
  "structuredContent": {
    "operationStatus": "NotFound",
    "status": 404,
    "title": "The content could not be found",
    "type": "Error",
  },
}
`;

exports[`validate-media-update should validate a valid media update 1`] = `
{
  "content": [
    {
      "text": "",
      "type": "text",
    },
  ],
}
`;
