// Jest Snapshot v1, https://goo.gl/fbAQLP

exports[`Redirect Management Tools DeleteRedirectTool should delete a redirect 1`] = `
{
  "content": [
    {
      "text": "",
      "type": "text",
    },
  ],
}
`;

exports[`Redirect Management Tools DeleteRedirectTool should delete a redirect 2`] = `
{
  "content": [],
  "structuredContent": {
    "items": [],
    "total": 0,
  },
}
`;

exports[`Redirect Management Tools GetRedirectByIdTool should get a redirect by ID 1`] = `
{
  "content": [],
  "structuredContent": {
    "items": [
      {
        "created": "NORMALIZED_DATE",
        "culture": "",
        "destinationUrl": "/_test-redirect-document-renamed/",
        "document": {
          "id": "00000000-0000-0000-0000-000000000000",
        },
        "id": "00000000-0000-0000-0000-000000000000",
        "originalUrl": "/_test-redirect-document/",
      },
    ],
    "total": 1,
  },
}
`;
