// Jest Snapshot v1, https://goo.gl/fbAQLP

exports[`document-reference-tests get-document-are-referenced should check if documents are referenced 1`] = `
{
  "content": [
    {
      "text": "{"total":0,"items":[]}",
      "type": "text",
    },
  ],
}
`;

exports[`document-reference-tests get-document-are-referenced should handle single document reference check 1`] = `
{
  "content": [
    {
      "text": "{"total":0,"items":[]}",
      "type": "text",
    },
  ],
}
`;

exports[`document-reference-tests get-document-by-id-referenced-by should get documents that reference a document by ID 1`] = `
{
  "content": [
    {
      "text": "{"total":0,"items":[]}",
      "type": "text",
    },
  ],
}
`;

exports[`document-reference-tests get-document-by-id-referenced-by should get references with pagination 1`] = `
{
  "content": [
    {
      "text": "{"total":0,"items":[]}",
      "type": "text",
    },
  ],
}
`;

exports[`document-reference-tests get-document-by-id-referenced-by should handle non-existent document 1`] = `
{
  "content": [
    {
      "text": "{"total":0,"items":[]}",
      "type": "text",
    },
  ],
}
`;

exports[`document-reference-tests get-document-by-id-referenced-descendants should get descendants that are referenced 1`] = `
{
  "content": [
    {
      "text": "{"total":0,"items":[]}",
      "type": "text",
    },
  ],
}
`;

exports[`document-reference-tests get-document-by-id-referenced-descendants should get referenced descendants with pagination 1`] = `
{
  "content": [
    {
      "text": "{"total":0,"items":[]}",
      "type": "text",
    },
  ],
}
`;
