// Jest Snapshot v1, https://goo.gl/fbAQLP

exports[`get-document-available-segment-options should get available segment options for document 1`] = `
{
  "content": [],
  "structuredContent": {
    "items": [],
    "total": 0,
  },
}
`;

exports[`get-document-available-segment-options should handle non-existent document 1`] = `
{
  "content": [],
  "structuredContent": {
    "items": [],
    "total": 0,
  },
}
`;
