// Jest Snapshot v1, https://goo.gl/fbAQLP

exports[`recycle-bin-tree children should get recycle bin child items 1`] = `
{
  "content": [],
  "structuredContent": {
    "items": [],
    "total": 0,
  },
}
`;

exports[`recycle-bin-tree children should handle non-existent parent in recycle bin 1`] = `
{
  "content": [],
  "structuredContent": {
    "items": [],
    "total": 0,
  },
}
`;

exports[`recycle-bin-tree root should get recycle bin root items 1`] = `
{
  "content": [],
  "structuredContent": {
    "items": [
      {
        "createDate": "NORMALIZED_DATE",
        "documentType": {
          "collection": null,
          "icon": "icon-home color-blue",
          "id": "00000000-0000-0000-0000-000000000000",
        },
        "hasChildren": false,
        "id": "00000000-0000-0000-0000-000000000000",
        "parent": null,
        "variants": [
          {
            "culture": null,
            "flags": [],
            "id": "00000000-0000-0000-0000-000000000000",
            "name": "_Test RecycleBin Root",
            "state": "Trashed",
          },
        ],
      },
    ],
    "total": 1,
  },
}
`;
