// Jest Snapshot v1, https://goo.gl/fbAQLP

exports[`get-collection-document-by-id should get collection document by id 1`] = `
{
  "content": [
    {
      "text": "Error using get-collection-document-by-id:
{
  "message": "Request failed with status code 400",
  "response": {
    "type": "Error",
    "title": "The document item is not configured as a collection",
    "status": 400,
    "detail": "The specified document is not configured as a collection",
    "operationStatus": "ContentNotCollection"
  }
}",
      "type": "text",
    },
  ],
}
`;

exports[`get-collection-document-by-id should get collection document with filters 1`] = `
{
  "content": [
    {
      "text": "Error using get-collection-document-by-id:
{
  "message": "Request failed with status code 400",
  "response": {
    "type": "Error",
    "title": "The document item is not configured as a collection",
    "status": 400,
    "detail": "The specified document is not configured as a collection",
    "operationStatus": "ContentNotCollection"
  }
}",
      "type": "text",
    },
  ],
}
`;

exports[`get-collection-document-by-id should handle non-existent document 1`] = `
{
  "content": [],
  "isError": true,
  "structuredContent": {
    "operationStatus": "ContentNotFound",
    "status": 404,
    "title": "The specified document could not be found",
    "type": "Error",
  },
}
`;
