// Jest Snapshot v1, https://goo.gl/fbAQLP

exports[`create-temporary-file should create a temporary file 1`] = `
{
  "content": [],
  "structuredContent": {
    "id": "00000000-0000-0000-0000-000000000000",
    "message": "Temporary file created successfully",
  },
}
`;

exports[`create-temporary-file should create a temporary file 2`] = `
{
  "structuredContent": {
    "items": [
      {
        "availableUntil": "NORMALIZED_DATE",
        "fileName": "umbraco-upload-NORMALIZED-example.jpg",
        "id": "00000000-0000-0000-0000-000000000000",
      },
    ],
  },
}
`;

exports[`create-temporary-file should handle empty base64 1`] = `
{
  "content": [],
  "structuredContent": {
    "id": "00000000-0000-0000-0000-000000000000",
    "message": "Temporary file created successfully",
  },
}
`;
