// Jest Snapshot v1, https://goo.gl/fbAQLP

exports[`create-element-folder should create a folder at root 1`] = `
{
  "content": [
    {
      "text": "",
      "type": "text",
    },
  ],
}
`;

exports[`create-element-folder should create a folder under a parent folder 1`] = `
{
  "content": [
    {
      "text": "",
      "type": "text",
    },
  ],
}
`;
