// Jest Snapshot v1, https://goo.gl/fbAQLP

exports[`get-element-by-id-referenced-by should get items that reference a specific element 1`] = `
{
  "content": [],
  "structuredContent": {
    "items": [],
    "nextCursor": undefined,
    "total": 0,
  },
}
`;

exports[`get-element-by-id-referenced-by should handle non-existent element 1`] = `
{
  "content": [],
  "isError": true,
  "structuredContent": {
    "operationStatus": "ContentNotFound",
    "status": 404,
    "title": "The requested content could not be found",
    "type": "Error",
  },
}
`;
