// Jest Snapshot v1, https://goo.gl/fbAQLP

exports[`search-element should search for elements by query 1`] = `
{
  "content": [],
  "structuredContent": {
    "items": [
      {
        "documentType": {
          "collection": null,
          "icon": "icon-document",
          "id": "00000000-0000-0000-0000-000000000000",
        },
        "flags": [],
        "hasChildren": false,
        "id": "00000000-0000-0000-0000-000000000000",
        "isTrashed": false,
        "parent": null,
        "variants": [
          {
            "culture": null,
            "flags": [],
            "id": "00000000-0000-0000-0000-000000000000",
            "name": "_Test SearchElement",
            "state": "Draft",
          },
        ],
      },
    ],
    "nextCursor": undefined,
    "total": 1,
  },
}
`;
