// Jest Snapshot v1, https://goo.gl/fbAQLP

exports[`script-tool-index should have all tools when user has settings section access 1`] = `
[
  "get-script-by-path",
  "get-script-folder-by-path",
  "get-script-items",
  "get-script-tree-ancestors",
  "get-script-tree-children",
  "get-script-tree-root",
  "create-script",
  "create-script-folder",
  "update-script",
  "rename-script",
  "delete-script",
  "delete-script-folder",
]
`;

exports[`script-tool-index should have no tools when user has no scripts access 1`] = `[]`;
