// Jest Snapshot v1, https://goo.gl/fbAQLP

exports[`delete-stylesheet-folder should delete a stylesheet folder 1`] = `
{
  "content": [
    {
      "text": "",
      "type": "text",
    },
  ],
}
`;

exports[`delete-stylesheet-folder should handle non-existent folder 1`] = `
{
  "content": [],
  "isError": true,
  "structuredContent": {
    "detail": "The specified folder was not found.",
    "operationStatus": "NotFound",
    "status": 404,
    "title": "Not found",
    "type": "Error",
  },
}
`;
