// Jest Snapshot v1, https://goo.gl/fbAQLP

exports[`get-stylesheet-siblings should get sibling stylesheets 1`] = `
{
  "content": [],
  "structuredContent": {
    "items": [
      {
        "hasChildren": false,
        "isFolder": false,
        "name": "_TestTargetStylesheet.css",
        "parent": {
          "id": "00000000-0000-0000-0000-000000000000",
          "path": "/_TestFolderForSiblings",
        },
        "path": "/_TestFolderForSiblings/_TestTargetStylesheet.css",
      },
    ],
    "totalAfter": 0,
    "totalBefore": 2,
  },
}
`;

exports[`get-stylesheet-siblings should handle non-existent stylesheet 1`] = `
{
  "content": [],
  "structuredContent": {
    "items": [],
    "totalAfter": 2,
    "totalBefore": 0,
  },
}
`;
