// Jest Snapshot v1, https://goo.gl/fbAQLP

exports[`get-stylesheet-by-path should get a stylesheet by path 1`] = `
{
  "content": [],
  "structuredContent": {
    "content": "/* Test get stylesheet */
body { background: white; }
.container { padding: 20px; }",
    "name": "_TestGetStylesheet.css",
    "parent": null,
    "path": "/_TestGetStylesheet.css",
  },
}
`;

exports[`get-stylesheet-by-path should handle non-existent stylesheet 1`] = `
{
  "content": [],
  "isError": true,
  "structuredContent": {
    "detail": "The stylesheet was not found.",
    "operationStatus": "NotFound",
    "status": 404,
    "title": "Stylesheet not found",
    "type": "Error",
  },
}
`;
