// Jest Snapshot v1, https://goo.gl/fbAQLP

exports[`stylesheet-tool-index should have all tools when user has settings section access 1`] = `
[
  "create-stylesheet",
  "create-stylesheet-folder",
  "get-stylesheet-by-path",
  "get-stylesheet-folder-by-path",
  "update-stylesheet",
  "rename-stylesheet",
  "delete-stylesheet",
  "delete-stylesheet-folder",
  "get-stylesheet-ancestors",
  "get-stylesheet-children",
  "get-stylesheet-root",
  "get-stylesheet-search",
]
`;

exports[`stylesheet-tool-index should only have search tool when user has no stylesheet access 1`] = `[]`;
