// Jest Snapshot v1, https://goo.gl/fbAQLP

exports[`copy-member-type should copy a member type 1`] = `
{
  "content": [],
  "structuredContent": {
    "id": "00000000-0000-0000-0000-000000000000",
    "message": "Member type copied successfully",
  },
}
`;

exports[`copy-member-type should handle non-existent member type 1`] = `
{
  "content": [],
  "isError": true,
  "structuredContent": {
    "detail": "The specified member type was not found",
    "operationStatus": "NotFound",
    "status": 404,
    "title": "Not Found",
    "type": "Error",
  },
}
`;
