// Jest Snapshot v1, https://goo.gl/fbAQLP

exports[`get-member-type should get a member type by id 1`] = `
{
  "content": [],
  "structuredContent": {
    "alias": "testmembertype",
    "allowedAsRoot": true,
    "collection": null,
    "compositions": [],
    "containers": [],
    "description": "Test member type description",
    "icon": "icon-user",
    "id": "00000000-0000-0000-0000-000000000000",
    "isElement": false,
    "name": "_Test Member Type",
    "properties": [],
    "variesByCulture": false,
    "variesBySegment": false,
  },
}
`;

exports[`get-member-type should handle non-existent member type 1`] = `
{
  "content": [],
  "isError": true,
  "structuredContent": {
    "detail": "The specified member type was not found",
    "operationStatus": "NotFound",
    "status": 404,
    "title": "Not Found",
    "type": "Error",
  },
}
`;
