// Jest Snapshot v1, https://goo.gl/fbAQLP

exports[`search-member-type-items should search for member type items 1`] = `
{
  "content": [],
  "structuredContent": {
    "items": [
      {
        "flags": [],
        "icon": "icon-user",
        "id": "00000000-0000-0000-0000-000000000000",
        "name": "_Test Item MemberType Search",
      },
    ],
    "total": 1,
  },
}
`;
