// Jest Snapshot v1, https://goo.gl/fbAQLP

exports[`create-template should create a template 1`] = `
{
  "content": [],
  "structuredContent": {
    "id": "00000000-0000-0000-0000-000000000000",
    "message": "Template created successfully",
  },
}
`;

exports[`create-template should create a template 2`] = `
{
  "structuredContent": {
    "items": [
      {
        "alias": "_testTemplateCreated",
        "flags": [],
        "id": "00000000-0000-0000-0000-000000000000",
        "name": "_Test Template Created",
      },
    ],
  },
}
`;

exports[`create-template should handle existing template 1`] = `
{
  "content": [],
  "isError": true,
  "structuredContent": {
    "detail": "A template with that alias already exists.",
    "operationStatus": "DuplicateAlias",
    "status": 400,
    "title": "Duplicate alias",
    "type": "Error",
  },
}
`;
