// Jest Snapshot v1, https://goo.gl/fbAQLP

exports[`get-template-query-settings should get template query settings 1`] = `
{
  "content": [],
  "structuredContent": {
    "documentTypeAliases": [
      "articleControls",
      "category",
      "contactFormControls",
      "contentControls",
      "footerControls",
      "headerControls",
      "mainImageControls",
      "sEOControls",
      "visibilityControls",
      "home",
      "article",
      "articleList",
      "author",
      "authorList",
      "categoryList",
      "contact",
      "content",
      "error",
      "search",
      "xMLSitemap",
    ],
    "operators": [
      {
        "applicableTypes": [
          "Integer",
          "String",
        ],
        "operator": "Equals",
      },
      {
        "applicableTypes": [
          "Integer",
          "String",
        ],
        "operator": "NotEquals",
      },
      {
        "applicableTypes": [
          "Integer",
          "DateTime",
        ],
        "operator": "LessThan",
      },
      {
        "applicableTypes": [
          "Integer",
          "DateTime",
        ],
        "operator": "LessThanEqualTo",
      },
      {
        "applicableTypes": [
          "Integer",
          "DateTime",
        ],
        "operator": "GreaterThan",
      },
      {
        "applicableTypes": [
          "Integer",
          "DateTime",
        ],
        "operator": "GreaterThanEqualTo",
      },
      {
        "applicableTypes": [
          "String",
        ],
        "operator": "Contains",
      },
      {
        "applicableTypes": [
          "String",
        ],
        "operator": "NotContains",
      },
    ],
    "properties": [
      {
        "alias": "Id",
        "type": "Integer",
      },
      {
        "alias": "Name",
        "type": "String",
      },
      {
        "alias": "CreateDate",
        "type": "DateTime",
      },
      {
        "alias": "UpdateDate",
        "type": "DateTime",
      },
    ],
  },
}
`;
