// Jest Snapshot v1, https://goo.gl/fbAQLP

exports[`get-template should get a template by id 1`] = `
{
  "content": [],
  "structuredContent": {
    "alias": "_testTemplateGet",
    "content": "@using Umbraco.Cms.Web.Common.PublishedModels;
@inherits Umbraco.Cms.Web.Common.Views.UmbracoViewPage
@{
	Layout = null;
}",
    "id": "00000000-0000-0000-0000-000000000000",
    "masterTemplate": null,
    "name": "_Test Template Get",
  },
}
`;

exports[`get-template should handle non-existent template 1`] = `
{
  "content": [],
  "isError": true,
  "structuredContent": {
    "operationStatus": "TemplateNotFound",
    "status": 404,
    "title": "The template could not be found",
    "type": "Error",
  },
}
`;
