// Jest Snapshot v1, https://goo.gl/fbAQLP

exports[`update-template should handle non-existent template 1`] = `
{
  "content": [],
  "isError": true,
  "structuredContent": {
    "operationStatus": "TemplateNotFound",
    "status": 404,
    "title": "The template could not be found",
    "type": "Error",
  },
}
`;

exports[`update-template should update a template 1`] = `
{
  "content": [
    {
      "text": "",
      "type": "text",
    },
  ],
}
`;

exports[`update-template should update a template 2`] = `
{
  "structuredContent": {
    "items": [
      {
        "alias": "_updatedTemplate",
        "flags": [],
        "id": "00000000-0000-0000-0000-000000000000",
        "name": "_Updated Template",
      },
    ],
  },
}
`;
