// Jest Snapshot v1, https://goo.gl/fbAQLP

exports[`get-relation-by-relation-type-id should handle invalid relation type ID 1`] = `
{
  "content": [],
  "isError": true,
  "structuredContent": {
    "detail": "The relation type could not be found.",
    "operationStatus": "RelationTypeNotFound",
    "status": 400,
    "title": "Relation type not found",
    "type": "Error",
  },
}
`;
