// Jest Snapshot v1, https://goo.gl/fbAQLP

exports[`get-user-group should get a user group by id 1`] = `
{
  "content": [],
  "structuredContent": {
    "alias": "testUserGroupGet",
    "aliasCanBeChanged": true,
    "documentRootAccess": false,
    "documentStartNode": null,
    "fallbackPermissions": [],
    "hasAccessToAllLanguages": true,
    "icon": null,
    "id": "00000000-0000-0000-0000-000000000000",
    "isDeletable": true,
    "languages": [],
    "mediaRootAccess": false,
    "mediaStartNode": null,
    "name": "_Test User Group Get",
    "permissions": [],
    "sections": [
      "Umb.Section.Content",
    ],
  },
}
`;

exports[`get-user-group should handle non-existent user group 1`] = `
{
  "content": [],
  "isError": true,
  "structuredContent": {
    "operationStatus": "NotFound",
    "status": 404,
    "title": "The user group could not be found",
    "type": "Error",
  },
}
`;
