// Jest Snapshot v1, https://goo.gl/fbAQLP

exports[`update-user-group should handle non-existent user group 1`] = `
{
  "content": [],
  "isError": true,
  "structuredContent": {
    "operationStatus": "NotFound",
    "status": 404,
    "title": "The user group could not be found",
    "type": "Error",
  },
}
`;

exports[`update-user-group should update a user group 1`] = `
{
  "content": [
    {
      "text": "",
      "type": "text",
    },
  ],
}
`;

exports[`update-user-group should update a user group 2`] = `
{
  "structuredContent": {
    "items": [
      {
        "alias": "updatedUserGroup",
        "aliasCanBeChanged": true,
        "documentRootAccess": false,
        "documentStartNode": null,
        "fallbackPermissions": [],
        "hasAccessToAllLanguages": true,
        "icon": null,
        "id": "00000000-0000-0000-0000-000000000000",
        "isDeletable": true,
        "languages": [],
        "mediaRootAccess": false,
        "mediaStartNode": null,
        "name": "_Updated User Group",
        "permissions": [],
        "sections": [
          "Umb.Section.Content",
        ],
      },
    ],
  },
}
`;
