// Jest Snapshot v1, https://goo.gl/fbAQLP

exports[`get-webhook-by-id should get a webhook by id 1`] = `
{
  "content": [],
  "structuredContent": {
    "contentTypeKeys": [],
    "description": null,
    "enabled": true,
    "events": [
      {
        "alias": "content.deleted",
        "eventName": "content.deleted",
        "eventType": "Other",
      },
      {
        "alias": "content.published",
        "eventName": "content.published",
        "eventType": "Other",
      },
    ],
    "headers": {},
    "id": "00000000-0000-0000-0000-000000000000",
    "name": "_Test Webhook",
    "url": "https://example.com/webhook",
  },
}
`;

exports[`get-webhook-by-id should handle non-existent webhook 1`] = `
{
  "content": [],
  "isError": true,
  "structuredContent": {
    "status": 404,
    "title": "The webhook could not be found",
    "type": "Error",
  },
}
`;
