// Jest Snapshot v1, https://goo.gl/fbAQLP

exports[`update-webhook should handle non-existent webhook 1`] = `
{
  "content": [],
  "isError": true,
  "structuredContent": {
    "status": 404,
    "title": "The webhook could not be found",
    "type": "Error",
  },
}
`;

exports[`update-webhook should update a webhook 1`] = `
{
  "content": [
    {
      "text": "",
      "type": "text",
    },
  ],
}
`;
