// Jest Snapshot v1, https://goo.gl/fbAQLP

exports[`delete-dictionary-item should delete a dictionary item 1`] = `
{
  "content": [
    {
      "text": "",
      "type": "text",
    },
  ],
}
`;

exports[`delete-dictionary-item should handle non-existent dictionary item 1`] = `
{
  "content": [],
  "isError": true,
  "structuredContent": {
    "operationStatus": "ItemNotFound",
    "status": 404,
    "title": "The dictionary item could not be found",
    "type": "Error",
  },
}
`;
