// Jest Snapshot v1, https://goo.gl/fbAQLP

exports[`find-dictionary-item should find a dictionary item by name 1`] = `
{
  "content": [],
  "structuredContent": {
    "items": [
      {
        "id": "00000000-0000-0000-0000-000000000000",
        "name": "_Test Dictionary Find",
        "parent": null,
        "translatedIsoCodes": [
          "en-US",
        ],
      },
    ],
    "total": 1,
  },
}
`;

exports[`find-dictionary-item should handle non-existent dictionary item 1`] = `
{
  "content": [],
  "structuredContent": {
    "items": [],
    "total": 0,
  },
}
`;
