// Jest Snapshot v1, https://goo.gl/fbAQLP

exports[`manifest tools get-manifest-manifest should get all manifests 1`] = `
{
  "content": [],
  "structuredContent": {
    "items": [
      {
        "extensions": [],
        "id": null,
        "name": "@umbraco-cms/backoffice",
        "version": "17.0.0",
      },
      {
        "extensions": [
          {},
        ],
        "id": null,
        "name": "Clean",
        "version": "7.0.1",
      },
    ],
  },
}
`;

exports[`manifest tools get-manifest-manifest-private should get private manifests 1`] = `
{
  "content": [],
  "structuredContent": {
    "items": [
      {
        "extensions": [],
        "id": null,
        "name": "@umbraco-cms/backoffice",
        "version": "17.0.0",
      },
      {
        "extensions": [
          {},
        ],
        "id": null,
        "name": "Clean",
        "version": "7.0.1",
      },
    ],
  },
}
`;

exports[`manifest tools get-manifest-manifest-public should get public manifests 1`] = `
{
  "content": [],
  "structuredContent": {
    "items": [],
  },
}
`;
