// Jest Snapshot v1, https://goo.gl/fbAQLP

exports[`create-webhook should create a webhook 1`] = `
{
  "content": [],
  "structuredContent": {
    "id": "00000000-0000-0000-0000-000000000000",
    "message": "Webhook created successfully",
  },
}
`;

exports[`create-webhook should handle invalid webhook data 1`] = `
{
  "content": [],
  "isError": true,
  "structuredContent": {
    "errors": [
      {
        "$.url": [
          "The Url field is required.",
        ],
      },
    ],
    "status": 400,
    "title": "One or more validation errors occurred.",
    "traceId": "normalized-trace-id",
    "type": "https://tools.ietf.org/html/rfc9110#section-15.5.1",
  },
}
`;
