// Jest Snapshot v1, https://goo.gl/fbAQLP

exports[`get-all-webhook-logs should get logs for all webhooks 1`] = `
{
  "content": [],
  "structuredContent": {
    "items": [],
    "total": 0,
  },
}
`;

exports[`get-all-webhook-logs should handle pagination parameters 1`] = `
{
  "content": [],
  "structuredContent": {
    "items": [],
    "total": 0,
  },
}
`;
