// Jest Snapshot v1, https://goo.gl/fbAQLP

exports[`get-webhook should get empty paged webhooks 1`] = `
{
  "items": [],
  "total": 0,
}
`;

exports[`get-webhook should get paged webhooks with created webhook 1`] = `
{
  "items": [
    {
      "contentTypeKeys": [],
      "description": null,
      "enabled": true,
      "events": [
        {
          "alias": "content.published",
          "eventName": "content.published",
          "eventType": "Other",
        },
      ],
      "headers": {},
      "id": "00000000-0000-0000-0000-000000000000",
      "name": "_Test Webhook",
      "url": "https://example.com/webhook",
    },
  ],
  "total": 1,
}
`;

exports[`get-webhook should use pagination parameters 1`] = `
{
  "items": [],
  "total": 0,
}
`;
