// Jest Snapshot v1, https://goo.gl/fbAQLP

exports[`get-user-by-id-calculate-start-nodes should calculate start nodes for a user 1`] = `
{
  "content": [],
  "structuredContent": {
    "documentStartNodeIds": [],
    "hasDocumentRootAccess": true,
    "hasMediaRootAccess": true,
    "id": "00000000-0000-0000-0000-000000000000",
    "mediaStartNodeIds": [],
  },
}
`;

exports[`get-user-by-id-calculate-start-nodes should handle non-existent user ID 1`] = `
{
  "content": [],
  "isError": true,
  "structuredContent": {
    "detail": "The specified user was not found.",
    "operationStatus": "UserNotFound",
    "status": 404,
    "title": "The user was not found",
    "type": "Error",
  },
}
`;
