// Jest Snapshot v1, https://goo.gl/fbAQLP

exports[`get-user-current-permissions should get current user permissions 1`] = `
{
  "content": [],
  "structuredContent": {
    "permissions": [],
  },
}
`;

exports[`get-user-current-permissions should handle non-existent ID 1`] = `
{
  "content": [],
  "isError": true,
  "structuredContent": {
    "detail": "The specified node was not found.",
    "operationStatus": "NodeNotFound",
    "status": 404,
    "title": "Node not found",
    "type": "Error",
  },
}
`;
