// Jest Snapshot v1, https://goo.gl/fbAQLP

exports[`get-user-by-id should get user by id 1`] = `
{
  "content": [],
  "structuredContent": {
    "avatarUrls": [],
    "createDate": "NORMALIZED_DATE",
    "documentStartNodeIds": [],
    "email": "test-user-get-NORMALIZED@example.com",
    "failedLoginAttempts": 0,
    "hasDocumentRootAccess": false,
    "hasMediaRootAccess": false,
    "id": "00000000-0000-0000-0000-000000000000",
    "isAdmin": true,
    "kind": "Default",
    "languageIsoCode": "en-US",
    "lastLockoutDate": null,
    "lastLoginDate": null,
    "lastPasswordChangeDate": "NORMALIZED_DATE",
    "mediaStartNodeIds": [],
    "name": "_Test User Get By ID",
    "state": "Inactive",
    "updateDate": "NORMALIZED_DATE",
    "userGroupIds": [
      {
        "id": "e5e7f6c8-7f9c-4b5b-8d5d-9e1e5a4f7e4d",
      },
    ],
    "userName": "test-user-get-NORMALIZED@example.com",
  },
}
`;

exports[`get-user-by-id should handle non-existent user id 1`] = `
{
  "content": [],
  "isError": true,
  "structuredContent": {
    "detail": "The specified user was not found.",
    "operationStatus": "UserNotFound",
    "status": 404,
    "title": "The user was not found",
    "type": "Error",
  },
}
`;
