// Jest Snapshot v1, https://goo.gl/fbAQLP

exports[`get-user-current-permissions-media should get current user media permissions 1`] = `
{
  "content": [],
  "structuredContent": {
    "permissions": [],
  },
}
`;

exports[`get-user-current-permissions-media should handle non-existent media ID 1`] = `
{
  "content": [
    {
      "text": "{"type":"Error","title":"Media node not found","status":404,"detail":"The specified media node was not found.","operationStatus":"MediaNodeNotFound"}",
      "type": "text",
    },
  ],
  "isError": true,
}
`;
