// Jest Snapshot v1, https://goo.gl/fbAQLP

exports[`get-member-by-id-referenced-descendants should get descendant references for a member 1`] = `
{
  "content": [
    {
      "text": "{"total":0,"items":[]}",
      "type": "text",
    },
  ],
}
`;

exports[`get-member-by-id-referenced-descendants should handle empty results for member with no descendant references 1`] = `
{
  "content": [
    {
      "text": "{"total":0,"items":[]}",
      "type": "text",
    },
  ],
}
`;
