// Jest Snapshot v1, https://goo.gl/fbAQLP

exports[`get-member-by-id-referenced-by should get reference data for a specific member 1`] = `
{
  "content": [],
  "structuredContent": {
    "items": [
      {
        "$type": "DocumentReferenceResponseModel",
        "documentType": {
          "alias": "testdoctypewithmemberref",
          "icon": "icon-document",
          "id": "00000000-0000-0000-0000-000000000000",
          "name": "_Test DocType With Member Ref",
        },
        "id": "00000000-0000-0000-0000-000000000000",
        "name": null,
        "published": false,
        "variants": [
          {
            "culture": null,
            "flags": [],
            "id": "00000000-0000-0000-0000-000000000000",
            "name": "_Test Document With Member Ref",
            "state": "Draft",
          },
        ],
      },
    ],
    "total": 1,
  },
}
`;

exports[`get-member-by-id-referenced-by should return empty results when member has no references 1`] = `
{
  "content": [],
  "structuredContent": {
    "items": [],
    "total": 0,
  },
}
`;
