// Jest Snapshot v1, https://goo.gl/fbAQLP

exports[`member-tool-index should have all tools when user has members section access 1`] = `
[
  "get-member",
  "create-member",
  "validate-member",
  "delete-member",
  "update-member",
  "validate-member-update",
  "get-member-are-referenced",
  "get-member-by-id-referenced-by",
  "get-member-by-id-referenced-descendants",
  "find-member",
  "get-item-member-search",
]
`;

exports[`member-tool-index should only have find member tool when user meets no policies 1`] = `
[
  "find-member",
  "get-item-member-search",
]
`;
