// Jest Snapshot v1, https://goo.gl/fbAQLP

exports[`update-member should return error for non-existent ID 1`] = `
{
  "content": [],
  "isError": true,
  "structuredContent": {
    "operationStatus": "Unknown",
    "status": 500,
    "title": "Unknown error. Please see the log for more details.",
    "type": "Error",
  },
}
`;
