// Jest Snapshot v1, https://goo.gl/fbAQLP

exports[`validate-member-update should handle validation errors for invalid update data 1`] = `
{
  "content": [],
  "isError": true,
  "structuredContent": {
    "errors": [
      {
        "$.variants[0].name": [
          "The Name field is required.",
        ],
      },
    ],
    "status": 400,
    "title": "One or more validation errors occurred.",
    "traceId": "normalized-trace-id",
    "type": "https://tools.ietf.org/html/rfc9110#section-15.5.1",
  },
}
`;

exports[`validate-member-update should handle validation for non-existent member 1`] = `
{
  "content": [],
  "isError": true,
  "structuredContent": {
    "operationStatus": "NotFound",
    "status": 404,
    "title": "The content could not be found",
    "type": "Error",
  },
}
`;

exports[`validate-member-update should validate a member update with valid data 1`] = `
{
  "content": [
    {
      "text": "",
      "type": "text",
    },
  ],
}
`;
