// Jest Snapshot v1, https://goo.gl/fbAQLP

exports[`document-blueprint-folder create should create a folder 1`] = `
{
  "content": [
    {
      "text": "",
      "type": "text",
    },
  ],
}
`;

exports[`document-blueprint-folder create should create a folder with parent 1`] = `
{
  "content": [
    {
      "text": "",
      "type": "text",
    },
  ],
}
`;

exports[`document-blueprint-folder delete should delete a folder 1`] = `
{
  "content": [
    {
      "text": "",
      "type": "text",
    },
  ],
}
`;

exports[`document-blueprint-folder delete should handle non-existent folder 1`] = `
{
  "content": [],
  "isError": true,
  "structuredContent": {
    "operationStatus": "NotFound",
    "status": 404,
    "title": "The folder could not be found",
    "type": "Error",
  },
}
`;

exports[`document-blueprint-folder update should handle non-existent folder 1`] = `
{
  "content": [],
  "isError": true,
  "structuredContent": {
    "operationStatus": "NotFound",
    "status": 404,
    "title": "The folder could not be found",
    "type": "Error",
  },
}
`;

exports[`document-blueprint-folder update should update a folder name 1`] = `
{
  "content": [
    {
      "text": "",
      "type": "text",
    },
  ],
}
`;
