// Jest Snapshot v1, https://goo.gl/fbAQLP

exports[`delete-element-from-recycle-bin should handle non-existent element in recycle bin 1`] = `
{
  "content": [],
  "isError": true,
  "structuredContent": {
    "operationStatus": "NotFound",
    "status": 404,
    "title": "The content could not be found",
    "type": "Error",
  },
}
`;

exports[`delete-element-from-recycle-bin should permanently delete an element from the recycle bin 1`] = `
{
  "content": [
    {
      "text": "",
      "type": "text",
    },
  ],
}
`;
