// Jest Snapshot v1, https://goo.gl/fbAQLP

exports[`get-element-ancestors should get ancestors for an element 1`] = `
{
  "content": [],
  "structuredContent": {
    "items": [
      {
        "createDate": "NORMALIZED_DATE",
        "documentType": {
          "collection": null,
          "icon": "icon-document",
          "id": "00000000-0000-0000-0000-000000000000",
        },
        "flags": [],
        "hasChildren": false,
        "id": "00000000-0000-0000-0000-000000000000",
        "isFolder": false,
        "name": "_Test GetElementAncestors",
        "noAccess": false,
        "parent": null,
        "variants": [
          {
            "culture": null,
            "flags": [],
            "id": "00000000-0000-0000-0000-000000000000",
            "name": "_Test GetElementAncestors",
            "state": "Draft",
          },
        ],
      },
    ],
  },
}
`;

exports[`get-element-ancestors should return empty items for non-existent descendant 1`] = `
{
  "content": [],
  "structuredContent": {
    "items": [],
  },
}
`;
