// Jest Snapshot v1, https://goo.gl/fbAQLP

exports[`get-element-children should get children of a folder containing an element and a nested folder 1`] = `
{
  "content": [],
  "structuredContent": {
    "items": [
      {
        "createDate": "NORMALIZED_DATE",
        "documentType": null,
        "flags": [],
        "hasChildren": false,
        "id": "00000000-0000-0000-0000-000000000000",
        "isFolder": true,
        "name": "_Test GetElementChildren Child Folder",
        "noAccess": false,
        "parent": {
          "id": "00000000-0000-0000-0000-000000000000",
        },
        "variants": [],
      },
      {
        "createDate": "NORMALIZED_DATE",
        "documentType": {
          "collection": null,
          "icon": "icon-document",
          "id": "00000000-0000-0000-0000-000000000000",
        },
        "flags": [],
        "hasChildren": false,
        "id": "00000000-0000-0000-0000-000000000000",
        "isFolder": false,
        "name": "_Test GetElementChildren Child Element",
        "noAccess": false,
        "parent": {
          "id": "00000000-0000-0000-0000-000000000000",
        },
        "variants": [
          {
            "culture": null,
            "flags": [],
            "id": "00000000-0000-0000-0000-000000000000",
            "name": "_Test GetElementChildren Child Element",
            "state": "Draft",
          },
        ],
      },
    ],
    "nextCursor": undefined,
    "total": 2,
  },
}
`;
