// Jest Snapshot v1, https://goo.gl/fbAQLP

exports[`get-recycle-bin-element-root should get recycle bin root items 1`] = `
{
  "content": [],
  "structuredContent": {
    "items": [
      {
        "createDate": "NORMALIZED_DATE",
        "documentType": {
          "collection": null,
          "icon": "icon-document",
          "id": "00000000-0000-0000-0000-000000000000",
        },
        "hasChildren": false,
        "id": "00000000-0000-0000-0000-000000000000",
        "isFolder": false,
        "name": "_Test RecycleBin Element Root",
        "parent": null,
        "variants": [
          {
            "culture": null,
            "flags": [],
            "id": "00000000-0000-0000-0000-000000000000",
            "name": "_Test RecycleBin Element Root",
            "state": "Trashed",
          },
        ],
      },
    ],
    "nextCursor": undefined,
    "total": 1,
  },
}
`;
