// Jest Snapshot v1, https://goo.gl/fbAQLP

exports[`get-recycle-bin-element-referenced-by should list content referencing a recycled element 1`] = `
{
  "content": [],
  "structuredContent": {
    "items": [
      {
        "$type": "DocumentReferenceResponseModel",
        "documentType": {
          "alias": "testdoctyperecyclebinelementref",
          "icon": "icon-document",
          "id": "00000000-0000-0000-0000-000000000000",
          "name": "_Test DocType RecycleBin ElementRef",
        },
        "id": "00000000-0000-0000-0000-000000000000",
        "name": null,
        "published": false,
        "variants": [
          {
            "culture": null,
            "flags": [],
            "id": "00000000-0000-0000-0000-000000000000",
            "name": "_Test Document With Recycled ElementRef",
            "state": "Draft",
          },
        ],
      },
    ],
    "nextCursor": undefined,
    "total": 1,
  },
}
`;
