// Jest Snapshot v1, https://goo.gl/fbAQLP

exports[`get-element-folder-referenced-descendants should get referenced descendants for an element folder 1`] = `
{
  "content": [],
  "structuredContent": {
    "items": [
      {
        "id": "00000000-0000-0000-0000-000000000000",
      },
    ],
    "nextCursor": undefined,
    "total": 1,
  },
}
`;
