// Jest Snapshot v1, https://goo.gl/fbAQLP

exports[`rollback-element-version should return error for non-existent version ID 1`] = `
{
  "content": [],
  "isError": true,
  "structuredContent": {
    "operationStatus": "NotFound",
    "status": 404,
    "title": "The requested version could not be found",
    "type": "Error",
  },
}
`;

exports[`rollback-element-version should rollback element to a specific version 1`] = `
{
  "content": [
    {
      "text": "",
      "type": "text",
    },
  ],
}
`;
