// Jest Snapshot v1, https://goo.gl/fbAQLP

exports[`get-media-ancestors-batch should return an ancestor chain for a child media item 1`] = `
{
  "content": [],
  "structuredContent": {
    "items": [
      {
        "ancestors": [
          {
            "flags": [],
            "hasChildren": true,
            "id": "00000000-0000-0000-0000-000000000000",
            "isTrashed": false,
            "mediaType": {
              "collection": {
                "id": "3a0156c4-3b8c-4803-bdc1-6871faa83fff",
              },
              "icon": "icon-folder",
              "id": "f38bd2d7-65d0-48e6-95dc-87ce06ec2d3d",
            },
            "parent": null,
            "variants": [
              {
                "culture": null,
                "name": "_Test AncestorsBatch Folder",
              },
            ],
          },
        ],
        "id": "00000000-0000-0000-0000-000000000000",
      },
    ],
  },
}
`;
