// Jest Snapshot v1, https://goo.gl/fbAQLP

exports[`get-template-siblings should get sibling templates 1`] = `
{
  "content": [],
  "structuredContent": {
    "items": [
      {
        "flags": [],
        "hasChildren": false,
        "id": "00000000-0000-0000-0000-000000000000",
        "name": "_Test Target Template",
        "parent": {
          "id": "00000000-0000-0000-0000-000000000000",
        },
      },
    ],
    "totalAfter": 0,
    "totalBefore": 2,
  },
}
`;

exports[`get-template-siblings should handle non-existent template 1`] = `
{
  "content": [],
  "isError": true,
  "structuredContent": {
    "detail": "Not Found",
    "status": 404,
  },
}
`;
