// Jest Snapshot v1, https://goo.gl/fbAQLP

exports[`template-tool-index should have all tools when user has settings section access 1`] = `
[
  "get-template",
  "get-template-configuration",
  "get-templates-by-id-array",
  "create-template",
  "update-template",
  "delete-template",
  "execute-template-query",
  "get-template-query-settings",
  "get-template-ancestors",
  "get-template-children",
  "get-template-root",
  "get-template-search",
]
`;

exports[`template-tool-index should only have search tool when user has no template access 1`] = `[]`;
